Grammar {
    imports: [],
    productions: ProdVec(
        [
            Production {
                idx: 0,
                nonterminal: 1,
                ntidx: 0,
                kind: None,
                rhs: [
                    ResolvingAssignment {
                        name: None,
                        symbol: Resolved(
                            4,
                        ),
                        is_bool: false,
                    },
                ],
                assoc: None,
                prio: 10,
                dynamic: false,
                nops: false,
                nopse: false,
                meta: {},
            },
            Production {
                idx: 1,
                nonterminal: 2,
                ntidx: 0,
                kind: None,
                rhs: [
                    ResolvingAssignment {
                        name: None,
                        symbol: Resolved(
                            6,
                        ),
                        is_bool: false,
                    },
                    ResolvingAssignment {
                        name: None,
                        symbol: Resolved(
                            12,
                        ),
                        is_bool: false,
                    },
                ],
                assoc: None,
                prio: 10,
                dynamic: false,
                nops: false,
                nopse: false,
                meta: {},
            },
            Production {
                idx: 2,
                nonterminal: 3,
                ntidx: 0,
                kind: None,
                rhs: [
                    ResolvingAssignment {
                        name: None,
                        symbol: Resolved(
                            5,
                        ),
                        is_bool: false,
                    },
                    ResolvingAssignment {
                        name: None,
                        symbol: Resolved(
                            11,
                        ),
                        is_bool: false,
                    },
                ],
                assoc: None,
                prio: 10,
                dynamic: false,
                nops: false,
                nopse: false,
                meta: {},
            },
            Production {
                idx: 3,
                nonterminal: 3,
                ntidx: 1,
                kind: None,
                rhs: [
                    ResolvingAssignment {
                        name: None,
                        symbol: Resolved(
                            11,
                        ),
                        is_bool: false,
                    },
                ],
                assoc: None,
                prio: 10,
                dynamic: false,
                nops: false,
                nopse: false,
                meta: {},
            },
            Production {
                idx: 4,
                nonterminal: 4,
                ntidx: 0,
                kind: None,
                rhs: [
                    ResolvingAssignment {
                        name: None,
                        symbol: Resolved(
                            5,
                        ),
                        is_bool: false,
                    },
                ],
                assoc: None,
                prio: 10,
                dynamic: false,
                nops: false,
                nopse: false,
                meta: {},
            },
            Production {
                idx: 5,
                nonterminal: 4,
                ntidx: 1,
                kind: None,
                rhs: [],
                assoc: None,
                prio: 10,
                dynamic: false,
                nops: false,
                nopse: false,
                meta: {},
            },
            Production {
                idx: 6,
                nonterminal: 2,
                ntidx: 1,
                kind: None,
                rhs: [
                    ResolvingAssignment {
                        name: None,
                        symbol: Resolved(
                            8,
                        ),
                        is_bool: false,
                    },
                ],
                assoc: None,
                prio: 10,
                dynamic: false,
                nops: false,
                nopse: false,
                meta: {},
            },
            Production {
                idx: 7,
                nonterminal: 5,
                ntidx: 0,
                kind: None,
                rhs: [
                    ResolvingAssignment {
                        name: None,
                        symbol: Resolved(
                            7,
                        ),
                        is_bool: false,
                    },
                    ResolvingAssignment {
                        name: None,
                        symbol: Resolved(
                            13,
                        ),
                        is_bool: false,
                    },
                ],
                assoc: None,
                prio: 10,
                dynamic: false,
                nops: false,
                nopse: false,
                meta: {},
            },
            Production {
                idx: 8,
                nonterminal: 5,
                ntidx: 1,
                kind: None,
                rhs: [
                    ResolvingAssignment {
                        name: None,
                        symbol: Resolved(
                            13,
                        ),
                        is_bool: false,
                    },
                ],
                assoc: None,
                prio: 10,
                dynamic: false,
                nops: false,
                nopse: false,
                meta: {},
            },
            Production {
                idx: 9,
                nonterminal: 6,
                ntidx: 0,
                kind: None,
                rhs: [
                    ResolvingAssignment {
                        name: None,
                        symbol: Resolved(
                            7,
                        ),
                        is_bool: false,
                    },
                ],
                assoc: None,
                prio: 10,
                dynamic: false,
                nops: false,
                nopse: false,
                meta: {},
            },
            Production {
                idx: 10,
                nonterminal: 6,
                ntidx: 1,
                kind: None,
                rhs: [],
                assoc: None,
                prio: 10,
                dynamic: false,
                nops: false,
                nopse: false,
                meta: {},
            },
            Production {
                idx: 11,
                nonterminal: 2,
                ntidx: 2,
                kind: None,
                rhs: [
                    ResolvingAssignment {
                        name: None,
                        symbol: Resolved(
                            10,
                        ),
                        is_bool: false,
                    },
                ],
                assoc: None,
                prio: 10,
                dynamic: false,
                nops: false,
                nopse: false,
                meta: {},
            },
            Production {
                idx: 12,
                nonterminal: 7,
                ntidx: 0,
                kind: None,
                rhs: [
                    ResolvingAssignment {
                        name: None,
                        symbol: Resolved(
                            9,
                        ),
                        is_bool: false,
                    },
                    ResolvingAssignment {
                        name: None,
                        symbol: Resolved(
                            1,
                        ),
                        is_bool: false,
                    },
                ],
                assoc: None,
                prio: 10,
                dynamic: false,
                nops: false,
                nopse: false,
                meta: {},
            },
            Production {
                idx: 13,
                nonterminal: 7,
                ntidx: 1,
                kind: None,
                rhs: [
                    ResolvingAssignment {
                        name: None,
                        symbol: Resolved(
                            1,
                        ),
                        is_bool: false,
                    },
                ],
                assoc: None,
                prio: 10,
                dynamic: false,
                nops: false,
                nopse: false,
                meta: {},
            },
            Production {
                idx: 14,
                nonterminal: 8,
                ntidx: 0,
                kind: None,
                rhs: [
                    ResolvingAssignment {
                        name: None,
                        symbol: Resolved(
                            9,
                        ),
                        is_bool: false,
                    },
                ],
                assoc: None,
                prio: 10,
                dynamic: false,
                nops: false,
                nopse: false,
                meta: {},
            },
            Production {
                idx: 15,
                nonterminal: 8,
                ntidx: 1,
                kind: None,
                rhs: [],
                assoc: None,
                prio: 10,
                dynamic: false,
                nops: false,
                nopse: false,
                meta: {},
            },
            Production {
                idx: 16,
                nonterminal: 9,
                ntidx: 0,
                kind: None,
                rhs: [
                    ResolvingAssignment {
                        name: None,
                        symbol: Resolved(
                            1,
                        ),
                        is_bool: false,
                    },
                    ResolvingAssignment {
                        name: None,
                        symbol: Resolved(
                            6,
                        ),
                        is_bool: false,
                    },
                ],
                assoc: None,
                prio: 10,
                dynamic: false,
                nops: false,
                nopse: false,
                meta: {},
            },
            Production {
                idx: 17,
                nonterminal: 10,
                ntidx: 0,
                kind: None,
                rhs: [
                    ResolvingAssignment {
                        name: None,
                        symbol: Resolved(
                            1,
                        ),
                        is_bool: false,
                    },
                ],
                assoc: None,
                prio: 10,
                dynamic: false,
                nops: false,
                nopse: false,
                meta: {},
            },
            Production {
                idx: 18,
                nonterminal: 10,
                ntidx: 1,
                kind: None,
                rhs: [],
                assoc: None,
                prio: 10,
                dynamic: false,
                nops: false,
                nopse: false,
                meta: {},
            },
            Production {
                idx: 19,
                nonterminal: 11,
                ntidx: 0,
                kind: None,
                rhs: [
                    ResolvingAssignment {
                        name: None,
                        symbol: Resolved(
                            6,
                        ),
                        is_bool: false,
                    },
                    ResolvingAssignment {
                        name: None,
                        symbol: Resolved(
                            1,
                        ),
                        is_bool: false,
                    },
                ],
                assoc: None,
                prio: 10,
                dynamic: false,
                nops: false,
                nopse: false,
                meta: {},
            },
        ],
    ),
    terminals: TermVec(
        [
            Terminal {
                idx: 0,
                name: "STOP",
                action: None,
                recognizer: None,
                has_content: false,
                prio: 10,
                meta: {},
            },
            Terminal {
                idx: 1,
                name: "Some",
                action: None,
                recognizer: Some(
                    StrConst(
                        "some",
                    ),
                ),
                has_content: false,
                prio: 10,
                meta: {},
            },
        ],
    ),
    nonterminals: NonTermVec(
        [
            NonTerminal {
                idx: 0,
                name: "EMPTY",
                action: None,
                productions: [],
            },
            NonTerminal {
                idx: 1,
                name: "AUG",
                action: None,
                productions: [
                    0,
                ],
            },
            NonTerminal {
                idx: 2,
                name: "S",
                action: None,
                productions: [
                    1,
                    6,
                    11,
                ],
            },
            NonTerminal {
                idx: 3,
                name: "A1",
                action: Some(
                    "vec",
                ),
                productions: [
                    2,
                    3,
                ],
            },
            NonTerminal {
                idx: 4,
                name: "A0",
                action: Some(
                    "vec",
                ),
                productions: [
                    4,
                    5,
                ],
            },
            NonTerminal {
                idx: 5,
                name: "C1",
                action: Some(
                    "vec",
                ),
                productions: [
                    7,
                    8,
                ],
            },
            NonTerminal {
                idx: 6,
                name: "C0",
                action: Some(
                    "vec",
                ),
                productions: [
                    9,
                    10,
                ],
            },
            NonTerminal {
                idx: 7,
                name: "Some1",
                action: Some(
                    "vec",
                ),
                productions: [
                    12,
                    13,
                ],
            },
            NonTerminal {
                idx: 8,
                name: "Some0",
                action: Some(
                    "vec",
                ),
                productions: [
                    14,
                    15,
                ],
            },
            NonTerminal {
                idx: 9,
                name: "A",
                action: None,
                productions: [
                    16,
                ],
            },
            NonTerminal {
                idx: 10,
                name: "B",
                action: None,
                productions: [
                    17,
                    18,
                ],
            },
            NonTerminal {
                idx: 11,
                name: "C",
                action: None,
                productions: [
                    19,
                ],
            },
        ],
    ),
    nonterm_by_name: {
        "A": 11,
        "A0": 6,
        "A1": 5,
        "AUG": 3,
        "B": 12,
        "C": 13,
        "C0": 8,
        "C1": 7,
        "EMPTY": 2,
        "S": 4,
        "Some0": 10,
        "Some1": 9,
    },
    term_by_name: {
        "STOP": 0,
        "Some": 1,
    },
    empty_index: 2,
    stop_index: 0,
    augmented_index: 3,
    start_index: 4,
}