Grammar {
    imports: [],
    productions: ProdVec(
        [
            Production {
                idx: 0,
                nonterminal: 1,
                ntidx: 0,
                kind: None,
                rhs: [
                    ResolvingAssignment {
                        name: None,
                        symbol: Resolved(
                            4,
                        ),
                        is_bool: false,
                    },
                ],
                assoc: None,
                prio: 10,
                dynamic: false,
                nops: false,
                nopse: false,
                meta: {},
            },
            Production {
                idx: 1,
                nonterminal: 2,
                ntidx: 0,
                kind: None,
                rhs: [
                    ResolvingAssignment {
                        name: None,
                        symbol: Resolved(
                            5,
                        ),
                        is_bool: false,
                    },
                    ResolvingAssignment {
                        name: None,
                        symbol: Resolved(
                            9,
                        ),
                        is_bool: false,
                    },
                ],
                assoc: None,
                prio: 10,
                dynamic: false,
                nops: false,
                nopse: false,
                meta: {},
            },
            Production {
                idx: 2,
                nonterminal: 3,
                ntidx: 0,
                kind: None,
                rhs: [
                    ResolvingAssignment {
                        name: None,
                        symbol: Resolved(
                            5,
                        ),
                        is_bool: false,
                    },
                    ResolvingAssignment {
                        name: None,
                        symbol: Resolved(
                            8,
                        ),
                        is_bool: false,
                    },
                ],
                assoc: None,
                prio: 10,
                dynamic: false,
                nops: false,
                nopse: false,
                meta: {},
            },
            Production {
                idx: 3,
                nonterminal: 3,
                ntidx: 1,
                kind: None,
                rhs: [
                    ResolvingAssignment {
                        name: None,
                        symbol: Resolved(
                            8,
                        ),
                        is_bool: false,
                    },
                ],
                assoc: None,
                prio: 10,
                dynamic: false,
                nops: false,
                nopse: false,
                meta: {},
            },
            Production {
                idx: 4,
                nonterminal: 2,
                ntidx: 1,
                kind: None,
                rhs: [
                    ResolvingAssignment {
                        name: None,
                        symbol: Resolved(
                            6,
                        ),
                        is_bool: false,
                    },
                ],
                assoc: None,
                prio: 10,
                dynamic: false,
                nops: false,
                nopse: false,
                meta: {},
            },
            Production {
                idx: 5,
                nonterminal: 4,
                ntidx: 0,
                kind: None,
                rhs: [
                    ResolvingAssignment {
                        name: None,
                        symbol: Resolved(
                            6,
                        ),
                        is_bool: false,
                    },
                    ResolvingAssignment {
                        name: None,
                        symbol: Resolved(
                            10,
                        ),
                        is_bool: false,
                    },
                ],
                assoc: None,
                prio: 10,
                dynamic: false,
                nops: false,
                nopse: false,
                meta: {},
            },
            Production {
                idx: 6,
                nonterminal: 4,
                ntidx: 1,
                kind: None,
                rhs: [
                    ResolvingAssignment {
                        name: None,
                        symbol: Resolved(
                            10,
                        ),
                        is_bool: false,
                    },
                ],
                assoc: None,
                prio: 10,
                dynamic: false,
                nops: false,
                nopse: false,
                meta: {},
            },
            Production {
                idx: 7,
                nonterminal: 2,
                ntidx: 2,
                kind: None,
                rhs: [
                    ResolvingAssignment {
                        name: None,
                        symbol: Resolved(
                            7,
                        ),
                        is_bool: false,
                    },
                ],
                assoc: None,
                prio: 10,
                dynamic: false,
                nops: false,
                nopse: false,
                meta: {},
            },
            Production {
                idx: 8,
                nonterminal: 5,
                ntidx: 0,
                kind: None,
                rhs: [
                    ResolvingAssignment {
                        name: None,
                        symbol: Resolved(
                            7,
                        ),
                        is_bool: false,
                    },
                    ResolvingAssignment {
                        name: None,
                        symbol: Resolved(
                            1,
                        ),
                        is_bool: false,
                    },
                ],
                assoc: None,
                prio: 10,
                dynamic: false,
                nops: false,
                nopse: false,
                meta: {},
            },
            Production {
                idx: 9,
                nonterminal: 5,
                ntidx: 1,
                kind: None,
                rhs: [
                    ResolvingAssignment {
                        name: None,
                        symbol: Resolved(
                            1,
                        ),
                        is_bool: false,
                    },
                ],
                assoc: None,
                prio: 10,
                dynamic: false,
                nops: false,
                nopse: false,
                meta: {},
            },
            Production {
                idx: 10,
                nonterminal: 6,
                ntidx: 0,
                kind: None,
                rhs: [
                    ResolvingAssignment {
                        name: None,
                        symbol: Resolved(
                            1,
                        ),
                        is_bool: false,
                    },
                    ResolvingAssignment {
                        name: None,
                        symbol: Resolved(
                            5,
                        ),
                        is_bool: false,
                    },
                ],
                assoc: None,
                prio: 10,
                dynamic: false,
                nops: false,
                nopse: false,
                meta: {},
            },
            Production {
                idx: 11,
                nonterminal: 7,
                ntidx: 0,
                kind: None,
                rhs: [
                    ResolvingAssignment {
                        name: None,
                        symbol: Resolved(
                            1,
                        ),
                        is_bool: false,
                    },
                ],
                assoc: None,
                prio: 10,
                dynamic: false,
                nops: false,
                nopse: false,
                meta: {},
            },
            Production {
                idx: 12,
                nonterminal: 7,
                ntidx: 1,
                kind: None,
                rhs: [],
                assoc: None,
                prio: 10,
                dynamic: false,
                nops: false,
                nopse: false,
                meta: {},
            },
            Production {
                idx: 13,
                nonterminal: 8,
                ntidx: 0,
                kind: None,
                rhs: [
                    ResolvingAssignment {
                        name: None,
                        symbol: Resolved(
                            5,
                        ),
                        is_bool: false,
                    },
                    ResolvingAssignment {
                        name: None,
                        symbol: Resolved(
                            1,
                        ),
                        is_bool: false,
                    },
                ],
                assoc: None,
                prio: 10,
                dynamic: false,
                nops: false,
                nopse: false,
                meta: {},
            },
        ],
    ),
    terminals: TermVec(
        [
            Terminal {
                idx: 0,
                name: "STOP",
                action: None,
                recognizer: None,
                has_content: false,
                prio: 10,
                meta: {},
            },
            Terminal {
                idx: 1,
                name: "Some",
                action: None,
                recognizer: Some(
                    StrConst(
                        ValLoc {
                            value: "some",
                            location: Some(
                                Location {
                                    start: LineBased(
                                        LineBased {
                                            line: 7,
                                            column: 14,
                                        },
                                    ),
                                    end: None,
                                },
                            ),
                        },
                    ),
                ),
                has_content: false,
                prio: 10,
                meta: {},
            },
        ],
    ),
    nonterminals: NonTermVec(
        [
            NonTerminal {
                idx: 0,
                name: "EMPTY",
                action: None,
                productions: [],
            },
            NonTerminal {
                idx: 1,
                name: "AUG",
                action: None,
                productions: [
                    0,
                ],
            },
            NonTerminal {
                idx: 2,
                name: "S",
                action: None,
                productions: [
                    1,
                    4,
                    7,
                ],
            },
            NonTerminal {
                idx: 3,
                name: "A1",
                action: Some(
                    "vec",
                ),
                productions: [
                    2,
                    3,
                ],
            },
            NonTerminal {
                idx: 4,
                name: "C1",
                action: Some(
                    "vec",
                ),
                productions: [
                    5,
                    6,
                ],
            },
            NonTerminal {
                idx: 5,
                name: "Some1",
                action: Some(
                    "vec",
                ),
                productions: [
                    8,
                    9,
                ],
            },
            NonTerminal {
                idx: 6,
                name: "A",
                action: None,
                productions: [
                    10,
                ],
            },
            NonTerminal {
                idx: 7,
                name: "B",
                action: None,
                productions: [
                    11,
                    12,
                ],
            },
            NonTerminal {
                idx: 8,
                name: "C",
                action: None,
                productions: [
                    13,
                ],
            },
        ],
    ),
    nonterm_by_name: {
        "A": 8,
        "A1": 5,
        "AUG": 3,
        "B": 9,
        "C": 10,
        "C1": 6,
        "EMPTY": 2,
        "S": 4,
        "Some1": 7,
    },
    term_by_name: {
        "STOP": 0,
        "Some": 1,
    },
    empty_index: 2,
    stop_index: 0,
    augmented_index: 3,
    augmented_layout_index: None,
    start_index: 4,
}